Model Params: 63.91M
[0] 自动测试
[1] 手动输入
💬: 你有什么特长？
🧠: 能否为我生成一些独特的名字？当然可以。那么请为我生成一些名字的词语，例如“晨曦”、“日本”、“星



💬: 为什么天空是蓝色的
🧠: ？
回答上面的问题。天空是蓝色的是由于光的散射。光波长的蓝光是由各种波长的光



💬: 请用Python写一个计算斐波那契数列的函数
🧠: 。斐波那契数列是一系列数列，每个数都是前两项之和。下面是一个使用Python编写的简单函数：```pythondef f



💬: 解释一下"光合作用"的基本过程
🧠: 。光合作用是植物和动物通过光合色素吸收和利用的过程，以促进植物的生长和分裂，并将二



💬: 如果明天下雨，我应该如何出门
🧠: ？如果你想出门，首先要记得带伞并确保带上雨具。如果天气情况不确定，可以带伞去户外



💬: 比较一下猫和狗作为宠物的优缺点
🧠: 。猫是人类常见的宠物，具有优秀的视觉和听觉能力，通常被人们视为伴侣、宠物。优



💬: 解释什么是机器学习
🧠: ？机器学习是人工智能的分支，它允许计算机系统学习数据和信息，并不断改进和优化算法。通过使用各种算法和模型，机器学习可以



💬: 推荐一些中国的美食
🧠: ，包括其历史和文化价值。1. 北京烤鸭：是中国传统的名菜之一，曾经被列为世界上最有



