Model Params: 63.91M
Trainable Params: 63.912M
Generating train split: 0 examples [00:00, ? examples/s]Generating train split: 99700 examples [00:00, 821955.07 examples/s]Generating train split: 300555 examples [00:00, 1353687.65 examples/s]Generating train split: 477003 examples [00:00, 1439476.85 examples/s]Generating train split: 623860 examples [00:00, 1160976.82 examples/s]Generating train split: 775149 examples [00:00, 922959.20 examples/s] Generating train split: 885183 examples [00:00, 828021.10 examples/s]Generating train split: 1013047 examples [00:01, 804395.91 examples/s]Generating train split: 1132794 examples [00:01, 539938.43 examples/s]Generating train split: 1240772 examples [00:01, 559256.29 examples/s]Generating train split: 1270238 examples [00:01, 743690.47 examples/s]
Epoch [1/1]: 跳过前9000个step，从step 9001开始
Epoch:[1/1](9100/39695), loss: 2.4994, logits_loss: 2.4994, aux_loss: 0.0000, lr: 0.00044413, epoch_time: 103.0min
Epoch:[1/1](9200/39695), loss: 2.8138, logits_loss: 2.8138, aux_loss: 0.0000, lr: 0.00044295, epoch_time: 101.0min
Epoch:[1/1](9300/39695), loss: 2.4998, logits_loss: 2.4998, aux_loss: 0.0000, lr: 0.00044176, epoch_time: 101.0min
Epoch:[1/1](9400/39695), loss: 2.5624, logits_loss: 2.5624, aux_loss: 0.0000, lr: 0.00044056, epoch_time: 100.0min
Epoch:[1/1](9500/39695), loss: 2.3871, logits_loss: 2.3871, aux_loss: 0.0000, lr: 0.00043934, epoch_time: 100.0min
Epoch:[1/1](9600/39695), loss: 2.5380, logits_loss: 2.5380, aux_loss: 0.0000, lr: 0.00043812, epoch_time: 99.0min
Epoch:[1/1](9700/39695), loss: 2.6673, logits_loss: 2.6673, aux_loss: 0.0000, lr: 0.00043689, epoch_time: 99.0min
Epoch:[1/1](9800/39695), loss: 2.5189, logits_loss: 2.5189, aux_loss: 0.0000, lr: 0.00043565, epoch_time: 99.0min
Epoch:[1/1](9900/39695), loss: 2.3355, logits_loss: 2.3355, aux_loss: 0.0000, lr: 0.00043440, epoch_time: 99.0min
Epoch:[1/1](10000/39695), loss: 2.3331, logits_loss: 2.3331, aux_loss: 0.0000, lr: 0.00043314, epoch_time: 98.0min
Epoch:[1/1](10100/39695), loss: 2.3855, logits_loss: 2.3855, aux_loss: 0.0000, lr: 0.00043186, epoch_time: 100.0min
Epoch:[1/1](10200/39695), loss: 2.3231, logits_loss: 2.3231, aux_loss: 0.0000, lr: 0.00043058, epoch_time: 99.0min
Epoch:[1/1](10300/39695), loss: 2.5126, logits_loss: 2.5126, aux_loss: 0.0000, lr: 0.00042929, epoch_time: 99.0min
Epoch:[1/1](10400/39695), loss: 2.4257, logits_loss: 2.4257, aux_loss: 0.0000, lr: 0.00042799, epoch_time: 98.0min
Epoch:[1/1](10500/39695), loss: 2.4226, logits_loss: 2.4226, aux_loss: 0.0000, lr: 0.00042668, epoch_time: 98.0min
Epoch:[1/1](10600/39695), loss: 2.4483, logits_loss: 2.4483, aux_loss: 0.0000, lr: 0.00042536, epoch_time: 97.0min
Epoch:[1/1](10700/39695), loss: 2.2783, logits_loss: 2.2783, aux_loss: 0.0000, lr: 0.00042403, epoch_time: 97.0min
Epoch:[1/1](10800/39695), loss: 2.4442, logits_loss: 2.4442, aux_loss: 0.0000, lr: 0.00042269, epoch_time: 97.0min
Epoch:[1/1](10900/39695), loss: 2.3278, logits_loss: 2.3278, aux_loss: 0.0000, lr: 0.00042134, epoch_time: 96.0min
Epoch:[1/1](11000/39695), loss: 2.2686, logits_loss: 2.2686, aux_loss: 0.0000, lr: 0.00041999, epoch_time: 96.0min
Epoch:[1/1](11100/39695), loss: 2.5524, logits_loss: 2.5524, aux_loss: 0.0000, lr: 0.00041862, epoch_time: 96.0min
Epoch:[1/1](11200/39695), loss: 2.5753, logits_loss: 2.5753, aux_loss: 0.0000, lr: 0.00041725, epoch_time: 96.0min
Epoch:[1/1](11300/39695), loss: 2.3933, logits_loss: 2.3933, aux_loss: 0.0000, lr: 0.00041586, epoch_time: 96.0min
Epoch:[1/1](11400/39695), loss: 2.5050, logits_loss: 2.5050, aux_loss: 0.0000, lr: 0.00041447, epoch_time: 95.0min
Epoch:[1/1](11500/39695), loss: 2.3697, logits_loss: 2.3697, aux_loss: 0.0000, lr: 0.00041307, epoch_time: 95.0min
Epoch:[1/1](11600/39695), loss: 2.3987, logits_loss: 2.3987, aux_loss: 0.0000, lr: 0.00041166, epoch_time: 94.0min
Epoch:[1/1](11700/39695), loss: 2.6523, logits_loss: 2.6523, aux_loss: 0.0000, lr: 0.00041024, epoch_time: 94.0min
Epoch:[1/1](11800/39695), loss: 2.3603, logits_loss: 2.3603, aux_loss: 0.0000, lr: 0.00040881, epoch_time: 94.0min
Epoch:[1/1](11900/39695), loss: 2.5118, logits_loss: 2.5118, aux_loss: 0.0000, lr: 0.00040737, epoch_time: 93.0min
Epoch:[1/1](12000/39695), loss: 2.4149, logits_loss: 2.4149, aux_loss: 0.0000, lr: 0.00040593, epoch_time: 93.0min
Epoch:[1/1](12100/39695), loss: 2.4747, logits_loss: 2.4747, aux_loss: 0.0000, lr: 0.00040448, epoch_time: 93.0min
Epoch:[1/1](12200/39695), loss: 2.5576, logits_loss: 2.5576, aux_loss: 0.0000, lr: 0.00040302, epoch_time: 93.0min
Epoch:[1/1](12300/39695), loss: 2.4725, logits_loss: 2.4725, aux_loss: 0.0000, lr: 0.00040155, epoch_time: 92.0min
Epoch:[1/1](12400/39695), loss: 2.3064, logits_loss: 2.3064, aux_loss: 0.0000, lr: 0.00040007, epoch_time: 92.0min
Epoch:[1/1](12500/39695), loss: 2.6649, logits_loss: 2.6649, aux_loss: 0.0000, lr: 0.00039859, epoch_time: 92.0min
Epoch:[1/1](12600/39695), loss: 2.3472, logits_loss: 2.3472, aux_loss: 0.0000, lr: 0.00039710, epoch_time: 91.0min
Epoch:[1/1](12700/39695), loss: 2.3609, logits_loss: 2.3609, aux_loss: 0.0000, lr: 0.00039560, epoch_time: 91.0min
Epoch:[1/1](12800/39695), loss: 2.3120, logits_loss: 2.3120, aux_loss: 0.0000, lr: 0.00039409, epoch_time: 90.0min
Epoch:[1/1](12900/39695), loss: 2.4121, logits_loss: 2.4121, aux_loss: 0.0000, lr: 0.00039258, epoch_time: 90.0min
Epoch:[1/1](13000/39695), loss: 2.3176, logits_loss: 2.3176, aux_loss: 0.0000, lr: 0.00039105, epoch_time: 90.0min
Epoch:[1/1](13100/39695), loss: 2.3360, logits_loss: 2.3360, aux_loss: 0.0000, lr: 0.00038952, epoch_time: 90.0min
Epoch:[1/1](13200/39695), loss: 2.3911, logits_loss: 2.3911, aux_loss: 0.0000, lr: 0.00038799, epoch_time: 89.0min
Epoch:[1/1](13300/39695), loss: 2.6016, logits_loss: 2.6016, aux_loss: 0.0000, lr: 0.00038644, epoch_time: 89.0min
Epoch:[1/1](13400/39695), loss: 2.5425, logits_loss: 2.5425, aux_loss: 0.0000, lr: 0.00038489, epoch_time: 89.0min
Epoch:[1/1](13500/39695), loss: 2.4622, logits_loss: 2.4622, aux_loss: 0.0000, lr: 0.00038334, epoch_time: 88.0min
Epoch:[1/1](13600/39695), loss: 2.5700, logits_loss: 2.5700, aux_loss: 0.0000, lr: 0.00038177, epoch_time: 88.0min
Epoch:[1/1](13700/39695), loss: 2.4126, logits_loss: 2.4126, aux_loss: 0.0000, lr: 0.00038020, epoch_time: 87.0min
Epoch:[1/1](13800/39695), loss: 2.4182, logits_loss: 2.4182, aux_loss: 0.0000, lr: 0.00037862, epoch_time: 87.0min
Epoch:[1/1](13900/39695), loss: 2.2962, logits_loss: 2.2962, aux_loss: 0.0000, lr: 0.00037704, epoch_time: 87.0min
Epoch:[1/1](14000/39695), loss: 2.3928, logits_loss: 2.3928, aux_loss: 0.0000, lr: 0.00037545, epoch_time: 86.0min
Epoch:[1/1](14100/39695), loss: 2.3136, logits_loss: 2.3136, aux_loss: 0.0000, lr: 0.00037385, epoch_time: 86.0min
Epoch:[1/1](14200/39695), loss: 2.3814, logits_loss: 2.3814, aux_loss: 0.0000, lr: 0.00037225, epoch_time: 86.0min
Epoch:[1/1](14300/39695), loss: 2.3819, logits_loss: 2.3819, aux_loss: 0.0000, lr: 0.00037064, epoch_time: 86.0min
Epoch:[1/1](14400/39695), loss: 2.3554, logits_loss: 2.3554, aux_loss: 0.0000, lr: 0.00036903, epoch_time: 85.0min
Epoch:[1/1](14500/39695), loss: 2.3306, logits_loss: 2.3306, aux_loss: 0.0000, lr: 0.00036741, epoch_time: 85.0min
Epoch:[1/1](14600/39695), loss: 2.3974, logits_loss: 2.3974, aux_loss: 0.0000, lr: 0.00036578, epoch_time: 85.0min
Epoch:[1/1](14700/39695), loss: 2.3731, logits_loss: 2.3731, aux_loss: 0.0000, lr: 0.00036415, epoch_time: 84.0min
Epoch:[1/1](14800/39695), loss: 2.2933, logits_loss: 2.2933, aux_loss: 0.0000, lr: 0.00036251, epoch_time: 84.0min
Epoch:[1/1](14900/39695), loss: 2.4383, logits_loss: 2.4383, aux_loss: 0.0000, lr: 0.00036087, epoch_time: 83.0min
Epoch:[1/1](15000/39695), loss: 2.5173, logits_loss: 2.5173, aux_loss: 0.0000, lr: 0.00035922, epoch_time: 83.0min
Epoch:[1/1](15100/39695), loss: 2.2125, logits_loss: 2.2125, aux_loss: 0.0000, lr: 0.00035756, epoch_time: 83.0min
Epoch:[1/1](15200/39695), loss: 2.4466, logits_loss: 2.4466, aux_loss: 0.0000, lr: 0.00035591, epoch_time: 83.0min
Epoch:[1/1](15300/39695), loss: 2.4155, logits_loss: 2.4155, aux_loss: 0.0000, lr: 0.00035424, epoch_time: 82.0min
Epoch:[1/1](15400/39695), loss: 2.1878, logits_loss: 2.1878, aux_loss: 0.0000, lr: 0.00035257, epoch_time: 82.0min
Epoch:[1/1](15500/39695), loss: 2.4994, logits_loss: 2.4994, aux_loss: 0.0000, lr: 0.00035090, epoch_time: 82.0min
Epoch:[1/1](15600/39695), loss: 2.3834, logits_loss: 2.3834, aux_loss: 0.0000, lr: 0.00034922, epoch_time: 81.0min
Epoch:[1/1](15700/39695), loss: 2.3947, logits_loss: 2.3947, aux_loss: 0.0000, lr: 0.00034754, epoch_time: 81.0min
Epoch:[1/1](15800/39695), loss: 2.1997, logits_loss: 2.1997, aux_loss: 0.0000, lr: 0.00034585, epoch_time: 80.0min
Epoch:[1/1](15900/39695), loss: 2.3169, logits_loss: 2.3169, aux_loss: 0.0000, lr: 0.00034416, epoch_time: 80.0min
Epoch:[1/1](16000/39695), loss: 2.3276, logits_loss: 2.3276, aux_loss: 0.0000, lr: 0.00034246, epoch_time: 80.0min
Epoch:[1/1](16100/39695), loss: 2.4737, logits_loss: 2.4737, aux_loss: 0.0000, lr: 0.00034076, epoch_time: 80.0min
Epoch:[1/1](16200/39695), loss: 2.2371, logits_loss: 2.2371, aux_loss: 0.0000, lr: 0.00033905, epoch_time: 79.0min
Epoch:[1/1](16300/39695), loss: 2.2456, logits_loss: 2.2456, aux_loss: 0.0000, lr: 0.00033734, epoch_time: 79.0min
Epoch:[1/1](16400/39695), loss: 2.2653, logits_loss: 2.2653, aux_loss: 0.0000, lr: 0.00033563, epoch_time: 79.0min
Epoch:[1/1](16500/39695), loss: 2.3792, logits_loss: 2.3792, aux_loss: 0.0000, lr: 0.00033391, epoch_time: 78.0min
Epoch:[1/1](16600/39695), loss: 2.1218, logits_loss: 2.1218, aux_loss: 0.0000, lr: 0.00033219, epoch_time: 78.0min
Epoch:[1/1](16700/39695), loss: 2.4119, logits_loss: 2.4119, aux_loss: 0.0000, lr: 0.00033047, epoch_time: 77.0min
Epoch:[1/1](16800/39695), loss: 2.2934, logits_loss: 2.2934, aux_loss: 0.0000, lr: 0.00032874, epoch_time: 77.0min
Epoch:[1/1](16900/39695), loss: 2.2001, logits_loss: 2.2001, aux_loss: 0.0000, lr: 0.00032701, epoch_time: 77.0min
Epoch:[1/1](17000/39695), loss: 2.2939, logits_loss: 2.2939, aux_loss: 0.0000, lr: 0.00032528, epoch_time: 76.0min
Epoch:[1/1](17100/39695), loss: 2.2831, logits_loss: 2.2831, aux_loss: 0.0000, lr: 0.00032354, epoch_time: 76.0min
Epoch:[1/1](17200/39695), loss: 2.1771, logits_loss: 2.1771, aux_loss: 0.0000, lr: 0.00032180, epoch_time: 76.0min
Epoch:[1/1](17300/39695), loss: 2.2954, logits_loss: 2.2954, aux_loss: 0.0000, lr: 0.00032006, epoch_time: 75.0min
Epoch:[1/1](17400/39695), loss: 2.3003, logits_loss: 2.3003, aux_loss: 0.0000, lr: 0.00031831, epoch_time: 75.0min
Epoch:[1/1](17500/39695), loss: 2.4319, logits_loss: 2.4319, aux_loss: 0.0000, lr: 0.00031656, epoch_time: 75.0min
Epoch:[1/1](17600/39695), loss: 2.3149, logits_loss: 2.3149, aux_loss: 0.0000, lr: 0.00031481, epoch_time: 74.0min
Epoch:[1/1](17700/39695), loss: 2.4240, logits_loss: 2.4240, aux_loss: 0.0000, lr: 0.00031306, epoch_time: 74.0min
Epoch:[1/1](17800/39695), loss: 2.2143, logits_loss: 2.2143, aux_loss: 0.0000, lr: 0.00031130, epoch_time: 74.0min
Epoch:[1/1](17900/39695), loss: 2.2344, logits_loss: 2.2344, aux_loss: 0.0000, lr: 0.00030954, epoch_time: 73.0min
Epoch:[1/1](18000/39695), loss: 2.2033, logits_loss: 2.2033, aux_loss: 0.0000, lr: 0.00030778, epoch_time: 73.0min
Epoch:[1/1](18100/39695), loss: 2.1406, logits_loss: 2.1406, aux_loss: 0.0000, lr: 0.00030602, epoch_time: 73.0min
Epoch:[1/1](18200/39695), loss: 2.3837, logits_loss: 2.3837, aux_loss: 0.0000, lr: 0.00030425, epoch_time: 72.0min
Epoch:[1/1](18300/39695), loss: 2.2109, logits_loss: 2.2109, aux_loss: 0.0000, lr: 0.00030249, epoch_time: 72.0min
Epoch:[1/1](18400/39695), loss: 2.1740, logits_loss: 2.1740, aux_loss: 0.0000, lr: 0.00030072, epoch_time: 72.0min
Epoch:[1/1](18500/39695), loss: 2.3020, logits_loss: 2.3020, aux_loss: 0.0000, lr: 0.00029895, epoch_time: 71.0min
Epoch:[1/1](18600/39695), loss: 2.2886, logits_loss: 2.2886, aux_loss: 0.0000, lr: 0.00029718, epoch_time: 71.0min
Epoch:[1/1](18700/39695), loss: 2.2485, logits_loss: 2.2485, aux_loss: 0.0000, lr: 0.00029541, epoch_time: 71.0min
Epoch:[1/1](18800/39695), loss: 2.1911, logits_loss: 2.1911, aux_loss: 0.0000, lr: 0.00029363, epoch_time: 70.0min
Epoch:[1/1](18900/39695), loss: 2.1172, logits_loss: 2.1172, aux_loss: 0.0000, lr: 0.00029186, epoch_time: 70.0min
Epoch:[1/1](19000/39695), loss: 2.3305, logits_loss: 2.3305, aux_loss: 0.0000, lr: 0.00029008, epoch_time: 70.0min
Epoch:[1/1](19100/39695), loss: 2.1937, logits_loss: 2.1937, aux_loss: 0.0000, lr: 0.00028830, epoch_time: 69.0min
Epoch:[1/1](19200/39695), loss: 2.3443, logits_loss: 2.3443, aux_loss: 0.0000, lr: 0.00028653, epoch_time: 69.0min
Epoch:[1/1](19300/39695), loss: 2.1468, logits_loss: 2.1468, aux_loss: 0.0000, lr: 0.00028475, epoch_time: 69.0min
Epoch:[1/1](19400/39695), loss: 2.2495, logits_loss: 2.2495, aux_loss: 0.0000, lr: 0.00028297, epoch_time: 68.0min
Epoch:[1/1](19500/39695), loss: 2.3584, logits_loss: 2.3584, aux_loss: 0.0000, lr: 0.00028119, epoch_time: 68.0min
Epoch:[1/1](19600/39695), loss: 2.2148, logits_loss: 2.2148, aux_loss: 0.0000, lr: 0.00027941, epoch_time: 68.0min
Epoch:[1/1](19700/39695), loss: 2.1206, logits_loss: 2.1206, aux_loss: 0.0000, lr: 0.00027763, epoch_time: 67.0min
Epoch:[1/1](19800/39695), loss: 2.2526, logits_loss: 2.2526, aux_loss: 0.0000, lr: 0.00027585, epoch_time: 67.0min
Epoch:[1/1](19900/39695), loss: 2.1401, logits_loss: 2.1401, aux_loss: 0.0000, lr: 0.00027407, epoch_time: 67.0min
Epoch:[1/1](20000/39695), loss: 2.1551, logits_loss: 2.1551, aux_loss: 0.0000, lr: 0.00027228, epoch_time: 66.0min
Epoch:[1/1](20100/39695), loss: 2.0473, logits_loss: 2.0473, aux_loss: 0.0000, lr: 0.00027050, epoch_time: 66.0min
Epoch:[1/1](20200/39695), loss: 2.0719, logits_loss: 2.0719, aux_loss: 0.0000, lr: 0.00026872, epoch_time: 66.0min
Epoch:[1/1](20300/39695), loss: 1.9378, logits_loss: 1.9378, aux_loss: 0.0000, lr: 0.00026694, epoch_time: 65.0min
Epoch:[1/1](20400/39695), loss: 2.0883, logits_loss: 2.0883, aux_loss: 0.0000, lr: 0.00026516, epoch_time: 65.0min
Epoch:[1/1](20500/39695), loss: 2.1789, logits_loss: 2.1789, aux_loss: 0.0000, lr: 0.00026339, epoch_time: 65.0min
Epoch:[1/1](20600/39695), loss: 2.2870, logits_loss: 2.2870, aux_loss: 0.0000, lr: 0.00026161, epoch_time: 64.0min
Epoch:[1/1](20700/39695), loss: 2.2169, logits_loss: 2.2169, aux_loss: 0.0000, lr: 0.00025983, epoch_time: 64.0min
Epoch:[1/1](20800/39695), loss: 2.3255, logits_loss: 2.3255, aux_loss: 0.0000, lr: 0.00025805, epoch_time: 64.0min
Epoch:[1/1](20900/39695), loss: 2.2506, logits_loss: 2.2506, aux_loss: 0.0000, lr: 0.00025628, epoch_time: 63.0min
Epoch:[1/1](21000/39695), loss: 2.2119, logits_loss: 2.2119, aux_loss: 0.0000, lr: 0.00025451, epoch_time: 63.0min
Epoch:[1/1](21100/39695), loss: 2.1645, logits_loss: 2.1645, aux_loss: 0.0000, lr: 0.00025273, epoch_time: 63.0min
Epoch:[1/1](21200/39695), loss: 2.1231, logits_loss: 2.1231, aux_loss: 0.0000, lr: 0.00025096, epoch_time: 62.0min
Epoch:[1/1](21300/39695), loss: 2.1158, logits_loss: 2.1158, aux_loss: 0.0000, lr: 0.00024919, epoch_time: 62.0min
Epoch:[1/1](21400/39695), loss: 2.2371, logits_loss: 2.2371, aux_loss: 0.0000, lr: 0.00024742, epoch_time: 62.0min
Epoch:[1/1](21500/39695), loss: 2.2932, logits_loss: 2.2932, aux_loss: 0.0000, lr: 0.00024566, epoch_time: 61.0min
Epoch:[1/1](21600/39695), loss: 2.3055, logits_loss: 2.3055, aux_loss: 0.0000, lr: 0.00024389, epoch_time: 61.0min
Epoch:[1/1](21700/39695), loss: 2.1251, logits_loss: 2.1251, aux_loss: 0.0000, lr: 0.00024213, epoch_time: 61.0min
Epoch:[1/1](21800/39695), loss: 2.0235, logits_loss: 2.0235, aux_loss: 0.0000, lr: 0.00024037, epoch_time: 60.0min
Epoch:[1/1](21900/39695), loss: 2.1965, logits_loss: 2.1965, aux_loss: 0.0000, lr: 0.00023861, epoch_time: 60.0min
Epoch:[1/1](22000/39695), loss: 2.2195, logits_loss: 2.2195, aux_loss: 0.0000, lr: 0.00023686, epoch_time: 59.0min
Epoch:[1/1](22100/39695), loss: 2.1886, logits_loss: 2.1886, aux_loss: 0.0000, lr: 0.00023510, epoch_time: 59.0min
Epoch:[1/1](22200/39695), loss: 2.3994, logits_loss: 2.3994, aux_loss: 0.0000, lr: 0.00023335, epoch_time: 59.0min
Epoch:[1/1](22300/39695), loss: 2.1614, logits_loss: 2.1614, aux_loss: 0.0000, lr: 0.00023160, epoch_time: 59.0min
Epoch:[1/1](22400/39695), loss: 2.0059, logits_loss: 2.0059, aux_loss: 0.0000, lr: 0.00022986, epoch_time: 58.0min
Epoch:[1/1](22500/39695), loss: 2.2085, logits_loss: 2.2085, aux_loss: 0.0000, lr: 0.00022811, epoch_time: 58.0min
Epoch:[1/1](22600/39695), loss: 2.3352, logits_loss: 2.3352, aux_loss: 0.0000, lr: 0.00022637, epoch_time: 57.0min
Epoch:[1/1](22700/39695), loss: 2.1767, logits_loss: 2.1767, aux_loss: 0.0000, lr: 0.00022464, epoch_time: 57.0min
Epoch:[1/1](22800/39695), loss: 2.2656, logits_loss: 2.2656, aux_loss: 0.0000, lr: 0.00022290, epoch_time: 57.0min
Epoch:[1/1](22900/39695), loss: 2.3536, logits_loss: 2.3536, aux_loss: 0.0000, lr: 0.00022117, epoch_time: 56.0min
Epoch:[1/1](23000/39695), loss: 2.2154, logits_loss: 2.2154, aux_loss: 0.0000, lr: 0.00021944, epoch_time: 56.0min
Epoch:[1/1](23100/39695), loss: 2.1745, logits_loss: 2.1745, aux_loss: 0.0000, lr: 0.00021772, epoch_time: 56.0min
Epoch:[1/1](23200/39695), loss: 2.1792, logits_loss: 2.1792, aux_loss: 0.0000, lr: 0.00021600, epoch_time: 55.0min
Epoch:[1/1](23300/39695), loss: 2.2585, logits_loss: 2.2585, aux_loss: 0.0000, lr: 0.00021428, epoch_time: 55.0min
Epoch:[1/1](23400/39695), loss: 2.1745, logits_loss: 2.1745, aux_loss: 0.0000, lr: 0.00021257, epoch_time: 55.0min
Epoch:[1/1](23500/39695), loss: 1.9971, logits_loss: 1.9971, aux_loss: 0.0000, lr: 0.00021086, epoch_time: 54.0min
Epoch:[1/1](23600/39695), loss: 2.2400, logits_loss: 2.2400, aux_loss: 0.0000, lr: 0.00020916, epoch_time: 54.0min
Epoch:[1/1](23700/39695), loss: 2.2484, logits_loss: 2.2484, aux_loss: 0.0000, lr: 0.00020746, epoch_time: 54.0min
Epoch:[1/1](23800/39695), loss: 2.2461, logits_loss: 2.2461, aux_loss: 0.0000, lr: 0.00020576, epoch_time: 53.0min
Epoch:[1/1](23900/39695), loss: 2.1845, logits_loss: 2.1845, aux_loss: 0.0000, lr: 0.00020407, epoch_time: 53.0min
Epoch:[1/1](24000/39695), loss: 2.1157, logits_loss: 2.1157, aux_loss: 0.0000, lr: 0.00020238, epoch_time: 53.0min
Epoch:[1/1](24100/39695), loss: 2.3191, logits_loss: 2.3191, aux_loss: 0.0000, lr: 0.00020070, epoch_time: 52.0min
Epoch:[1/1](24200/39695), loss: 2.1939, logits_loss: 2.1939, aux_loss: 0.0000, lr: 0.00019902, epoch_time: 52.0min
Epoch:[1/1](24300/39695), loss: 2.4064, logits_loss: 2.4064, aux_loss: 0.0000, lr: 0.00019734, epoch_time: 52.0min
Epoch:[1/1](24400/39695), loss: 2.0894, logits_loss: 2.0894, aux_loss: 0.0000, lr: 0.00019568, epoch_time: 51.0min
Epoch:[1/1](24500/39695), loss: 2.0527, logits_loss: 2.0527, aux_loss: 0.0000, lr: 0.00019401, epoch_time: 51.0min
Epoch:[1/1](24600/39695), loss: 1.9655, logits_loss: 1.9655, aux_loss: 0.0000, lr: 0.00019235, epoch_time: 51.0min
Epoch:[1/1](24700/39695), loss: 2.0534, logits_loss: 2.0534, aux_loss: 0.0000, lr: 0.00019070, epoch_time: 50.0min
Epoch:[1/1](24800/39695), loss: 2.2228, logits_loss: 2.2228, aux_loss: 0.0000, lr: 0.00018905, epoch_time: 50.0min
Epoch:[1/1](24900/39695), loss: 2.1016, logits_loss: 2.1016, aux_loss: 0.0000, lr: 0.00018741, epoch_time: 50.0min
Epoch:[1/1](25000/39695), loss: 2.1362, logits_loss: 2.1362, aux_loss: 0.0000, lr: 0.00018577, epoch_time: 49.0min
Epoch:[1/1](25100/39695), loss: 2.1175, logits_loss: 2.1175, aux_loss: 0.0000, lr: 0.00018414, epoch_time: 49.0min
Epoch:[1/1](25200/39695), loss: 2.3408, logits_loss: 2.3408, aux_loss: 0.0000, lr: 0.00018251, epoch_time: 49.0min
Epoch:[1/1](25300/39695), loss: 2.1910, logits_loss: 2.1910, aux_loss: 0.0000, lr: 0.00018089, epoch_time: 48.0min
Epoch:[1/1](25400/39695), loss: 2.1583, logits_loss: 2.1583, aux_loss: 0.0000, lr: 0.00017928, epoch_time: 48.0min
Epoch:[1/1](25500/39695), loss: 2.2650, logits_loss: 2.2650, aux_loss: 0.0000, lr: 0.00017767, epoch_time: 48.0min
Epoch:[1/1](25600/39695), loss: 2.3059, logits_loss: 2.3059, aux_loss: 0.0000, lr: 0.00017607, epoch_time: 47.0min
Epoch:[1/1](25700/39695), loss: 2.2374, logits_loss: 2.2374, aux_loss: 0.0000, lr: 0.00017447, epoch_time: 47.0min
Epoch:[1/1](25800/39695), loss: 2.0989, logits_loss: 2.0989, aux_loss: 0.0000, lr: 0.00017288, epoch_time: 47.0min
Epoch:[1/1](25900/39695), loss: 2.1939, logits_loss: 2.1939, aux_loss: 0.0000, lr: 0.00017130, epoch_time: 46.0min
Epoch:[1/1](26000/39695), loss: 2.1563, logits_loss: 2.1563, aux_loss: 0.0000, lr: 0.00016972, epoch_time: 46.0min
Epoch:[1/1](26100/39695), loss: 2.2388, logits_loss: 2.2388, aux_loss: 0.0000, lr: 0.00016815, epoch_time: 46.0min
Epoch:[1/1](26200/39695), loss: 2.1586, logits_loss: 2.1586, aux_loss: 0.0000, lr: 0.00016659, epoch_time: 45.0min
Epoch:[1/1](26300/39695), loss: 2.3249, logits_loss: 2.3249, aux_loss: 0.0000, lr: 0.00016503, epoch_time: 45.0min
Epoch:[1/1](26400/39695), loss: 2.0365, logits_loss: 2.0365, aux_loss: 0.0000, lr: 0.00016348, epoch_time: 45.0min
Epoch:[1/1](26500/39695), loss: 2.1142, logits_loss: 2.1142, aux_loss: 0.0000, lr: 0.00016194, epoch_time: 44.0min
Epoch:[1/1](26600/39695), loss: 2.1723, logits_loss: 2.1723, aux_loss: 0.0000, lr: 0.00016040, epoch_time: 44.0min
Epoch:[1/1](26700/39695), loss: 2.1974, logits_loss: 2.1974, aux_loss: 0.0000, lr: 0.00015887, epoch_time: 44.0min
Epoch:[1/1](26800/39695), loss: 2.1439, logits_loss: 2.1439, aux_loss: 0.0000, lr: 0.00015735, epoch_time: 43.0min
Epoch:[1/1](26900/39695), loss: 2.1566, logits_loss: 2.1566, aux_loss: 0.0000, lr: 0.00015583, epoch_time: 43.0min
Epoch:[1/1](27000/39695), loss: 1.9623, logits_loss: 1.9623, aux_loss: 0.0000, lr: 0.00015433, epoch_time: 43.0min
Epoch:[1/1](27100/39695), loss: 2.1285, logits_loss: 2.1285, aux_loss: 0.0000, lr: 0.00015283, epoch_time: 42.0min
Epoch:[1/1](27200/39695), loss: 2.1845, logits_loss: 2.1845, aux_loss: 0.0000, lr: 0.00015134, epoch_time: 42.0min
Epoch:[1/1](27300/39695), loss: 2.1108, logits_loss: 2.1108, aux_loss: 0.0000, lr: 0.00014985, epoch_time: 42.0min
Epoch:[1/1](27400/39695), loss: 2.1841, logits_loss: 2.1841, aux_loss: 0.0000, lr: 0.00014838, epoch_time: 41.0min
Epoch:[1/1](27500/39695), loss: 2.1353, logits_loss: 2.1353, aux_loss: 0.0000, lr: 0.00014691, epoch_time: 41.0min
Epoch:[1/1](27600/39695), loss: 2.1513, logits_loss: 2.1513, aux_loss: 0.0000, lr: 0.00014545, epoch_time: 41.0min
Epoch:[1/1](27700/39695), loss: 2.0118, logits_loss: 2.0118, aux_loss: 0.0000, lr: 0.00014400, epoch_time: 40.0min
Epoch:[1/1](27800/39695), loss: 2.0791, logits_loss: 2.0791, aux_loss: 0.0000, lr: 0.00014255, epoch_time: 40.0min
Epoch:[1/1](27900/39695), loss: 2.0486, logits_loss: 2.0486, aux_loss: 0.0000, lr: 0.00014112, epoch_time: 40.0min
Epoch:[1/1](28000/39695), loss: 1.8979, logits_loss: 1.8979, aux_loss: 0.0000, lr: 0.00013969, epoch_time: 39.0min
Epoch:[1/1](28100/39695), loss: 2.1348, logits_loss: 2.1348, aux_loss: 0.0000, lr: 0.00013827, epoch_time: 39.0min
Epoch:[1/1](28200/39695), loss: 2.0443, logits_loss: 2.0443, aux_loss: 0.0000, lr: 0.00013686, epoch_time: 39.0min
Epoch:[1/1](28300/39695), loss: 1.9921, logits_loss: 1.9921, aux_loss: 0.0000, lr: 0.00013546, epoch_time: 38.0min
Epoch:[1/1](28400/39695), loss: 2.2935, logits_loss: 2.2935, aux_loss: 0.0000, lr: 0.00013407, epoch_time: 38.0min
Epoch:[1/1](28500/39695), loss: 2.1536, logits_loss: 2.1536, aux_loss: 0.0000, lr: 0.00013269, epoch_time: 37.0min
Epoch:[1/1](28600/39695), loss: 2.2249, logits_loss: 2.2249, aux_loss: 0.0000, lr: 0.00013131, epoch_time: 37.0min
Epoch:[1/1](28700/39695), loss: 2.1178, logits_loss: 2.1178, aux_loss: 0.0000, lr: 0.00012995, epoch_time: 37.0min
Epoch:[1/1](28800/39695), loss: 2.0879, logits_loss: 2.0879, aux_loss: 0.0000, lr: 0.00012859, epoch_time: 36.0min
Epoch:[1/1](28900/39695), loss: 2.0756, logits_loss: 2.0756, aux_loss: 0.0000, lr: 0.00012724, epoch_time: 36.0min
Epoch:[1/1](29000/39695), loss: 2.1479, logits_loss: 2.1479, aux_loss: 0.0000, lr: 0.00012590, epoch_time: 36.0min
Epoch:[1/1](29100/39695), loss: 2.2377, logits_loss: 2.2377, aux_loss: 0.0000, lr: 0.00012457, epoch_time: 35.0min
Epoch:[1/1](29200/39695), loss: 2.1814, logits_loss: 2.1814, aux_loss: 0.0000, lr: 0.00012325, epoch_time: 35.0min
Epoch:[1/1](29300/39695), loss: 2.2670, logits_loss: 2.2670, aux_loss: 0.0000, lr: 0.00012194, epoch_time: 35.0min
Epoch:[1/1](29400/39695), loss: 1.9818, logits_loss: 1.9818, aux_loss: 0.0000, lr: 0.00012064, epoch_time: 34.0min
Epoch:[1/1](29500/39695), loss: 2.0842, logits_loss: 2.0842, aux_loss: 0.0000, lr: 0.00011935, epoch_time: 34.0min
Epoch:[1/1](29600/39695), loss: 2.1204, logits_loss: 2.1204, aux_loss: 0.0000, lr: 0.00011807, epoch_time: 34.0min
Epoch:[1/1](29700/39695), loss: 2.2778, logits_loss: 2.2778, aux_loss: 0.0000, lr: 0.00011680, epoch_time: 33.0min
Epoch:[1/1](29800/39695), loss: 2.0923, logits_loss: 2.0923, aux_loss: 0.0000, lr: 0.00011554, epoch_time: 33.0min
Epoch:[1/1](29900/39695), loss: 2.0622, logits_loss: 2.0622, aux_loss: 0.0000, lr: 0.00011429, epoch_time: 33.0min
Epoch:[1/1](30000/39695), loss: 1.9905, logits_loss: 1.9905, aux_loss: 0.0000, lr: 0.00011305, epoch_time: 32.0min
Epoch:[1/1](30100/39695), loss: 1.9147, logits_loss: 1.9147, aux_loss: 0.0000, lr: 0.00011182, epoch_time: 32.0min
Epoch:[1/1](30200/39695), loss: 2.0590, logits_loss: 2.0590, aux_loss: 0.0000, lr: 0.00011059, epoch_time: 32.0min
Epoch:[1/1](30300/39695), loss: 2.0829, logits_loss: 2.0829, aux_loss: 0.0000, lr: 0.00010938, epoch_time: 31.0min
Epoch:[1/1](30400/39695), loss: 1.9896, logits_loss: 1.9896, aux_loss: 0.0000, lr: 0.00010818, epoch_time: 31.0min
Epoch:[1/1](30500/39695), loss: 1.9892, logits_loss: 1.9892, aux_loss: 0.0000, lr: 0.00010699, epoch_time: 31.0min
Epoch:[1/1](30600/39695), loss: 2.0148, logits_loss: 2.0148, aux_loss: 0.0000, lr: 0.00010582, epoch_time: 30.0min
Epoch:[1/1](30700/39695), loss: 1.9444, logits_loss: 1.9444, aux_loss: 0.0000, lr: 0.00010465, epoch_time: 30.0min
Epoch:[1/1](30800/39695), loss: 2.1368, logits_loss: 2.1368, aux_loss: 0.0000, lr: 0.00010349, epoch_time: 30.0min
Epoch:[1/1](30900/39695), loss: 2.1810, logits_loss: 2.1810, aux_loss: 0.0000, lr: 0.00010234, epoch_time: 29.0min
Epoch:[1/1](31000/39695), loss: 2.3471, logits_loss: 2.3471, aux_loss: 0.0000, lr: 0.00010121, epoch_time: 29.0min
Epoch:[1/1](31100/39695), loss: 2.0749, logits_loss: 2.0749, aux_loss: 0.0000, lr: 0.00010008, epoch_time: 29.0min
Epoch:[1/1](31200/39695), loss: 2.0792, logits_loss: 2.0792, aux_loss: 0.0000, lr: 0.00009897, epoch_time: 28.0min
Epoch:[1/1](31300/39695), loss: 2.0436, logits_loss: 2.0436, aux_loss: 0.0000, lr: 0.00009786, epoch_time: 28.0min
Epoch:[1/1](31400/39695), loss: 2.1889, logits_loss: 2.1889, aux_loss: 0.0000, lr: 0.00009677, epoch_time: 28.0min
Epoch:[1/1](31500/39695), loss: 2.1027, logits_loss: 2.1027, aux_loss: 0.0000, lr: 0.00009569, epoch_time: 27.0min
Epoch:[1/1](31600/39695), loss: 2.1792, logits_loss: 2.1792, aux_loss: 0.0000, lr: 0.00009462, epoch_time: 27.0min
Epoch:[1/1](31700/39695), loss: 2.1625, logits_loss: 2.1625, aux_loss: 0.0000, lr: 0.00009356, epoch_time: 27.0min
Epoch:[1/1](31800/39695), loss: 2.0408, logits_loss: 2.0408, aux_loss: 0.0000, lr: 0.00009251, epoch_time: 26.0min
Epoch:[1/1](31900/39695), loss: 2.1579, logits_loss: 2.1579, aux_loss: 0.0000, lr: 0.00009148, epoch_time: 26.0min
Epoch:[1/1](32000/39695), loss: 2.0649, logits_loss: 2.0649, aux_loss: 0.0000, lr: 0.00009045, epoch_time: 26.0min
Epoch:[1/1](32100/39695), loss: 1.8691, logits_loss: 1.8691, aux_loss: 0.0000, lr: 0.00008944, epoch_time: 25.0min
Epoch:[1/1](32200/39695), loss: 2.2313, logits_loss: 2.2313, aux_loss: 0.0000, lr: 0.00008844, epoch_time: 25.0min
Epoch:[1/1](32300/39695), loss: 2.1577, logits_loss: 2.1577, aux_loss: 0.0000, lr: 0.00008745, epoch_time: 25.0min
Epoch:[1/1](32400/39695), loss: 1.8993, logits_loss: 1.8993, aux_loss: 0.0000, lr: 0.00008647, epoch_time: 24.0min
Epoch:[1/1](32500/39695), loss: 1.9539, logits_loss: 1.9539, aux_loss: 0.0000, lr: 0.00008550, epoch_time: 24.0min
Epoch:[1/1](32600/39695), loss: 2.1510, logits_loss: 2.1510, aux_loss: 0.0000, lr: 0.00008455, epoch_time: 24.0min
Epoch:[1/1](32700/39695), loss: 2.3447, logits_loss: 2.3447, aux_loss: 0.0000, lr: 0.00008361, epoch_time: 23.0min
Epoch:[1/1](32800/39695), loss: 2.0783, logits_loss: 2.0783, aux_loss: 0.0000, lr: 0.00008268, epoch_time: 23.0min
Epoch:[1/1](32900/39695), loss: 2.0250, logits_loss: 2.0250, aux_loss: 0.0000, lr: 0.00008176, epoch_time: 23.0min
Epoch:[1/1](33000/39695), loss: 1.9241, logits_loss: 1.9241, aux_loss: 0.0000, lr: 0.00008085, epoch_time: 22.0min
Epoch:[1/1](33100/39695), loss: 2.1876, logits_loss: 2.1876, aux_loss: 0.0000, lr: 0.00007996, epoch_time: 22.0min
Epoch:[1/1](33200/39695), loss: 1.9629, logits_loss: 1.9629, aux_loss: 0.0000, lr: 0.00007908, epoch_time: 22.0min
Epoch:[1/1](33300/39695), loss: 2.3557, logits_loss: 2.3557, aux_loss: 0.0000, lr: 0.00007821, epoch_time: 21.0min
Epoch:[1/1](33400/39695), loss: 2.0591, logits_loss: 2.0591, aux_loss: 0.0000, lr: 0.00007735, epoch_time: 21.0min
Epoch:[1/1](33500/39695), loss: 2.2144, logits_loss: 2.2144, aux_loss: 0.0000, lr: 0.00007651, epoch_time: 21.0min
Epoch:[1/1](33600/39695), loss: 2.0388, logits_loss: 2.0388, aux_loss: 0.0000, lr: 0.00007567, epoch_time: 20.0min
Epoch:[1/1](33700/39695), loss: 2.0631, logits_loss: 2.0631, aux_loss: 0.0000, lr: 0.00007485, epoch_time: 20.0min
Epoch:[1/1](33800/39695), loss: 2.0000, logits_loss: 2.0000, aux_loss: 0.0000, lr: 0.00007405, epoch_time: 20.0min
Epoch:[1/1](33900/39695), loss: 2.0287, logits_loss: 2.0287, aux_loss: 0.0000, lr: 0.00007325, epoch_time: 19.0min
Epoch:[1/1](34000/39695), loss: 2.0365, logits_loss: 2.0365, aux_loss: 0.0000, lr: 0.00007247, epoch_time: 19.0min
Epoch:[1/1](34100/39695), loss: 2.0391, logits_loss: 2.0391, aux_loss: 0.0000, lr: 0.00007170, epoch_time: 18.0min
Epoch:[1/1](34200/39695), loss: 2.1539, logits_loss: 2.1539, aux_loss: 0.0000, lr: 0.00007094, epoch_time: 18.0min
Epoch:[1/1](34300/39695), loss: 2.0752, logits_loss: 2.0752, aux_loss: 0.0000, lr: 0.00007020, epoch_time: 18.0min
Epoch:[1/1](34400/39695), loss: 2.1627, logits_loss: 2.1627, aux_loss: 0.0000, lr: 0.00006947, epoch_time: 17.0min
Epoch:[1/1](34500/39695), loss: 2.2352, logits_loss: 2.2352, aux_loss: 0.0000, lr: 0.00006875, epoch_time: 17.0min
Epoch:[1/1](34600/39695), loss: 1.9847, logits_loss: 1.9847, aux_loss: 0.0000, lr: 0.00006805, epoch_time: 17.0min
Epoch:[1/1](34700/39695), loss: 2.2165, logits_loss: 2.2165, aux_loss: 0.0000, lr: 0.00006735, epoch_time: 16.0min
Epoch:[1/1](34800/39695), loss: 2.1243, logits_loss: 2.1243, aux_loss: 0.0000, lr: 0.00006667, epoch_time: 16.0min
Epoch:[1/1](34900/39695), loss: 1.9508, logits_loss: 1.9508, aux_loss: 0.0000, lr: 0.00006601, epoch_time: 16.0min
Epoch:[1/1](35000/39695), loss: 1.9546, logits_loss: 1.9546, aux_loss: 0.0000, lr: 0.00006535, epoch_time: 15.0min
Epoch:[1/1](35100/39695), loss: 2.1249, logits_loss: 2.1249, aux_loss: 0.0000, lr: 0.00006471, epoch_time: 15.0min
Epoch:[1/1](35200/39695), loss: 2.1581, logits_loss: 2.1581, aux_loss: 0.0000, lr: 0.00006409, epoch_time: 15.0min
Epoch:[1/1](35300/39695), loss: 2.2432, logits_loss: 2.2432, aux_loss: 0.0000, lr: 0.00006347, epoch_time: 14.0min
Epoch:[1/1](35400/39695), loss: 2.0488, logits_loss: 2.0488, aux_loss: 0.0000, lr: 0.00006287, epoch_time: 14.0min
Epoch:[1/1](35500/39695), loss: 2.0174, logits_loss: 2.0174, aux_loss: 0.0000, lr: 0.00006229, epoch_time: 14.0min
Epoch:[1/1](35600/39695), loss: 2.0812, logits_loss: 2.0812, aux_loss: 0.0000, lr: 0.00006171, epoch_time: 13.0min
Epoch:[1/1](35700/39695), loss: 2.1271, logits_loss: 2.1271, aux_loss: 0.0000, lr: 0.00006115, epoch_time: 13.0min
Epoch:[1/1](35800/39695), loss: 2.2654, logits_loss: 2.2654, aux_loss: 0.0000, lr: 0.00006061, epoch_time: 13.0min
Epoch:[1/1](35900/39695), loss: 2.1895, logits_loss: 2.1895, aux_loss: 0.0000, lr: 0.00006007, epoch_time: 12.0min
Epoch:[1/1](36000/39695), loss: 2.1698, logits_loss: 2.1698, aux_loss: 0.0000, lr: 0.00005955, epoch_time: 12.0min
Epoch:[1/1](36100/39695), loss: 1.9871, logits_loss: 1.9871, aux_loss: 0.0000, lr: 0.00005905, epoch_time: 12.0min
Epoch:[1/1](36200/39695), loss: 2.1306, logits_loss: 2.1306, aux_loss: 0.0000, lr: 0.00005855, epoch_time: 11.0min
Epoch:[1/1](36300/39695), loss: 1.9827, logits_loss: 1.9827, aux_loss: 0.0000, lr: 0.00005807, epoch_time: 11.0min
Epoch:[1/1](36400/39695), loss: 1.9924, logits_loss: 1.9924, aux_loss: 0.0000, lr: 0.00005761, epoch_time: 11.0min
Epoch:[1/1](36500/39695), loss: 2.2541, logits_loss: 2.2541, aux_loss: 0.0000, lr: 0.00005715, epoch_time: 10.0min
Epoch:[1/1](36600/39695), loss: 2.1456, logits_loss: 2.1456, aux_loss: 0.0000, lr: 0.00005672, epoch_time: 10.0min
Epoch:[1/1](36700/39695), loss: 1.8702, logits_loss: 1.8702, aux_loss: 0.0000, lr: 0.00005629, epoch_time: 10.0min
Epoch:[1/1](36800/39695), loss: 2.0128, logits_loss: 2.0128, aux_loss: 0.0000, lr: 0.00005588, epoch_time: 9.0min
Epoch:[1/1](36900/39695), loss: 1.8836, logits_loss: 1.8836, aux_loss: 0.0000, lr: 0.00005548, epoch_time: 9.0min
Epoch:[1/1](37000/39695), loss: 2.0680, logits_loss: 2.0680, aux_loss: 0.0000, lr: 0.00005510, epoch_time: 9.0min
Epoch:[1/1](37100/39695), loss: 2.1275, logits_loss: 2.1275, aux_loss: 0.0000, lr: 0.00005473, epoch_time: 8.0min
Epoch:[1/1](37200/39695), loss: 1.9317, logits_loss: 1.9317, aux_loss: 0.0000, lr: 0.00005437, epoch_time: 8.0min
Epoch:[1/1](37300/39695), loss: 2.2373, logits_loss: 2.2373, aux_loss: 0.0000, lr: 0.00005403, epoch_time: 8.0min
Epoch:[1/1](37400/39695), loss: 2.0695, logits_loss: 2.0695, aux_loss: 0.0000, lr: 0.00005370, epoch_time: 7.0min
Epoch:[1/1](37500/39695), loss: 2.2418, logits_loss: 2.2418, aux_loss: 0.0000, lr: 0.00005339, epoch_time: 7.0min
Epoch:[1/1](37600/39695), loss: 1.9223, logits_loss: 1.9223, aux_loss: 0.0000, lr: 0.00005309, epoch_time: 7.0min
Epoch:[1/1](37700/39695), loss: 2.0477, logits_loss: 2.0477, aux_loss: 0.0000, lr: 0.00005280, epoch_time: 6.0min
Epoch:[1/1](37800/39695), loss: 2.0457, logits_loss: 2.0457, aux_loss: 0.0000, lr: 0.00005253, epoch_time: 6.0min
Epoch:[1/1](37900/39695), loss: 2.0245, logits_loss: 2.0245, aux_loss: 0.0000, lr: 0.00005227, epoch_time: 6.0min
Epoch:[1/1](38000/39695), loss: 2.0505, logits_loss: 2.0505, aux_loss: 0.0000, lr: 0.00005202, epoch_time: 5.0min
Epoch:[1/1](38100/39695), loss: 2.2342, logits_loss: 2.2342, aux_loss: 0.0000, lr: 0.00005179, epoch_time: 5.0min
Epoch:[1/1](38200/39695), loss: 2.0532, logits_loss: 2.0532, aux_loss: 0.0000, lr: 0.00005157, epoch_time: 5.0min
Epoch:[1/1](38300/39695), loss: 1.9971, logits_loss: 1.9971, aux_loss: 0.0000, lr: 0.00005137, epoch_time: 4.0min
Epoch:[1/1](38400/39695), loss: 1.9814, logits_loss: 1.9814, aux_loss: 0.0000, lr: 0.00005118, epoch_time: 4.0min
Epoch:[1/1](38500/39695), loss: 1.9794, logits_loss: 1.9794, aux_loss: 0.0000, lr: 0.00005101, epoch_time: 4.0min
Epoch:[1/1](38600/39695), loss: 2.0899, logits_loss: 2.0899, aux_loss: 0.0000, lr: 0.00005084, epoch_time: 3.0min
Epoch:[1/1](38700/39695), loss: 1.9234, logits_loss: 1.9234, aux_loss: 0.0000, lr: 0.00005070, epoch_time: 3.0min
Epoch:[1/1](38800/39695), loss: 1.9504, logits_loss: 1.9504, aux_loss: 0.0000, lr: 0.00005056, epoch_time: 3.0min
Epoch:[1/1](38900/39695), loss: 2.1574, logits_loss: 2.1574, aux_loss: 0.0000, lr: 0.00005045, epoch_time: 2.0min
Epoch:[1/1](39000/39695), loss: 2.0401, logits_loss: 2.0401, aux_loss: 0.0000, lr: 0.00005034, epoch_time: 2.0min
Epoch:[1/1](39100/39695), loss: 2.1218, logits_loss: 2.1218, aux_loss: 0.0000, lr: 0.00005025, epoch_time: 2.0min
Epoch:[1/1](39200/39695), loss: 2.0991, logits_loss: 2.0991, aux_loss: 0.0000, lr: 0.00005017, epoch_time: 1.0min
Epoch:[1/1](39300/39695), loss: 1.9578, logits_loss: 1.9578, aux_loss: 0.0000, lr: 0.00005011, epoch_time: 1.0min
Epoch:[1/1](39400/39695), loss: 1.9429, logits_loss: 1.9429, aux_loss: 0.0000, lr: 0.00005006, epoch_time: 1.0min
Epoch:[1/1](39500/39695), loss: 2.1469, logits_loss: 2.1469, aux_loss: 0.0000, lr: 0.00005003, epoch_time: 0.0min
Epoch:[1/1](39600/39695), loss: 2.1977, logits_loss: 2.1977, aux_loss: 0.0000, lr: 0.00005001, epoch_time: 0.0min
Epoch:[1/1](39695/39695), loss: 2.0220, logits_loss: 2.0220, aux_loss: 0.0000, lr: 0.00005000, epoch_time: 0.0min
